-bash-4.2$ make initialize
rm -rf objects exe
mkdir objects exe 

-bash-4.2$ make PC03
gcc -std=c11 -O2 -g -Wall -Wextra -Wconversion -Wshadow -Werror -lm -c src/PC03.c -o objects/PC03.o
gcc -std=c11 -O2 -g -Wall -Wextra -Wconversion -Wshadow -Werror -lm -c src/fenwick.c -o objects/fenwick.o
gcc -std=c11 -O2 -g -Wall -Wextra -Wconversion -Wshadow -Werror -lm -o exe/PC03 objects/PC03.o objects/fenwick.o

-bash-4.2$ ls *
Makefile  PC03_sample_run.txt

exe:
PC03

include:
fenwick.h

objects:
fenwick.o  PC03.o

src:
fenwick.c  PC03.c

-bash-4.2$ valgrind --leak-check=full exe/./PC03 5 7 3
==9261== Memcheck, a memory error detector
==9261== Copyright (C) 2002-2017, and GNU GPL'd, by Julian Seward et al.
==9261== Using Valgrind-3.14.0 and LibVEX; rerun with -h for copyright info
==9261== Command: exe/./PC03 5 7 3
==9261==
Select your choice:
1: Print array and fenwick tree
2: Calculate range sum
3: Update array and Fenwick Tree
Enter you selection: 1
Array  : 0 5 7 3 
Fenwick: 0 5 12 3
Do you wish to continue? (y/n): y

Select your choice:
1: Print array and fenwick tree
2: Calculate range sum
3: Update array and Fenwick Tree
Enter you selection: 2
Enter the range to calculate, between 1 and 3: 1 3
The sum from 1 to 3 is 15
Do you wish to continue? (y/n): y

Select your choice:
1: Print array and fenwick tree
2: Calculate range sum
3: Update array and Fenwick Tree
Enter you selection: 2
Enter the range to calculate, between 1 and 3: 1 2
The sum from 1 to 2 is 12
Do you wish to continue? (y/n): y

Select your choice:
1: Print array and fenwick tree
2: Calculate range sum
3: Update array and Fenwick Tree
Enter you selection: 2
Enter the range to calculate, between 1 and 3: 2 3
The sum from 2 to 3 is 10
Do you wish to continue? (y/n): y

Select your choice:
1: Print array and fenwick tree
2: Calculate range sum
3: Update array and Fenwick Tree
Enter you selection: 3
Enter the location and value to update the initial array: 1 -5
Do you wish to continue? (y/n): y

Select your choice:
1: Print array and fenwick tree
2: Calculate range sum
3: Update array and Fenwick Tree
Enter you selection: 1
Array  : 0 -5 7 3 
Fenwick: 0 -5 2 3
Do you wish to continue? (y/n): y

Select your choice:
1: Print array and fenwick tree
2: Calculate range sum
3: Update array and Fenwick Tree
Enter you selection: 2
Enter the range to calculate, between 1 and 3: 1 3
The sum from 1 to 3 is 5
Do you wish to continue? (y/n): y

Select your choice:
1: Print array and fenwick tree
2: Calculate range sum
3: Update array and Fenwick Tree
Enter you selection: 2
Enter the range to calculate, between 1 and 3: 1 2
The sum from 1 to 2 is 2
Do you wish to continue? (y/n): y

Select your choice:
1: Print array and fenwick tree
2: Calculate range sum
3: Update array and Fenwick Tree
Enter you selection: 2
Enter the range to calculate, between 1 and 3: 2 3
The sum from 2 to 3 is 10
Do you wish to continue? (y/n): n

==9261== 
==9261== HEAP SUMMARY:
==9261==     in use at exit: 0 bytes in 0 blocks
==9261==   total heap usage: 2 allocs, 2 frees, 32 bytes allocated
==9261==
==9261== All heap blocks were freed -- no leaks are possible
==9261==
==9261== For counts of detected and suppressed errors, rerun with: -v
==9261== ERROR SUMMARY: 0 errors from 0 contexts (suppressed: 0 from 0)

-bash-4.2$ valgrind --leak-check=full exe/./PC03 5 2 9 -3 5 20 10 -7 2 3 -4 0 -2 15 5
==9446== Memcheck, a memory error detector
==9446== Copyright (C) 2002-2017, and GNU GPL'd, by Julian Seward et al.
==9446== Using Valgrind-3.14.0 and LibVEX; rerun with -h for copyright info
==9446== Command: exe/./PC03 5 2 9 -3 5 20 10 -7 2 3 -4 0 -2 15 5
==9446==
Select your choice:
1: Print array and fenwick tree
2: Calculate range sum
3: Update array and Fenwick Tree
Enter you selection: 1
Array  : 0 5 2 9 -3 5 20 10 -7 2 3 -4 0 -2 15 5 
Fenwick: 0 5 7 9 13 5 25 10 41 2 5 -4 1 -2 13 5
Do you wish to continue? (y/n): y

Select your choice:
1: Print array and fenwick tree
2: Calculate range sum
3: Update array and Fenwick Tree
Enter you selection: 2
Enter the range to calculate, between 1 and 15: 4 7
The sum from 4 to 7 is 32
Do you wish to continue? (y/n): y

Select your choice:
1: Print array and fenwick tree
2: Calculate range sum
3: Update array and Fenwick Tree
Enter you selection: 2
Enter the range to calculate, between 1 and 15: 4 8
The sum from 4 to 8 is 25
Do you wish to continue? (y/n): y

Select your choice:
1: Print array and fenwick tree
2: Calculate range sum
3: Update array and Fenwick Tree
Enter you selection: 2
Enter the range to calculate, between 1 and 15: 1 15
The sum from 1 to 15 is 60
Do you wish to continue? (y/n): y

Select your choice:
1: Print array and fenwick tree
2: Calculate range sum
3: Update array and Fenwick Tree
Enter you selection: 1
Array  : 0 5 2 9 -3 5 20 10 -7 2 3 -4 0 -2 15 5 
Fenwick: 0 5 7 9 13 5 25 10 41 2 5 -4 1 -2 13 5
Do you wish to continue? (y/n): y

Select your choice:
1: Print array and fenwick tree
2: Calculate range sum
3: Update array and Fenwick Tree
Enter you selection: 2
Enter the range to calculate, between 1 and 15: 2 15
The sum from 2 to 15 is 55
Do you wish to continue? (y/n): y

Select your choice:
1: Print array and fenwick tree
2: Calculate range sum
3: Update array and Fenwick Tree
Enter you selection: 3
Enter the location and value to update the initial array: 12 100
Do you wish to continue? (y/n): y

Select your choice:
1: Print array and fenwick tree
2: Calculate range sum
3: Update array and Fenwick Tree
Enter you selection: 1
Array  : 0 5 2 9 -3 5 20 10 -7 2 3 -4 100 -2 15 5 
Fenwick: 0 5 7 9 13 5 25 10 41 2 5 -4 101 -2 13 5
Do you wish to continue? (y/n): y

Select your choice:
1: Print array and fenwick tree
2: Calculate range sum
3: Update array and Fenwick Tree
Enter you selection: 2
Enter the range to calculate, between 1 and 15: 12 15
The sum from 12 to 15 is 118
Do you wish to continue? (y/n): y

Select your choice:
1: Print array and fenwick tree
2: Calculate range sum
3: Update array and Fenwick Tree
Enter you selection: 2
Enter the range to calculate, between 1 and 15: 8 12
The sum from 8 to 12 is 94
Do you wish to continue? (y/n): y

Select your choice:
1: Print array and fenwick tree
2: Calculate range sum
3: Update array and Fenwick Tree
Enter you selection: 2
Enter the range to calculate, between 1 and 15: 8 15
The sum from 8 to 15 is 112
Do you wish to continue? (y/n): n

==9446== 
==9446== HEAP SUMMARY:
==9446==     in use at exit: 0 bytes in 0 blocks
==9446==   total heap usage: 2 allocs, 2 frees, 128 bytes allocated
==9446==
==9446== All heap blocks were freed -- no leaks are possible
==9446==
==9446== For counts of detected and suppressed errors, rerun with: -v
==9446== ERROR SUMMARY: 0 errors from 0 contexts (suppressed: 0 from 0)